   Γû▓ Next.js 15.5.15

   Creating an optimized production build ...
 Γ£ô Compiled successfully in 7.3s
   Linting and checking validity of types ...
   Collecting page data ...
   Generating static pages (0/4) ...
   Generating static pages (1/4) 
   Generating static pages (2/4) 
   Generating static pages (3/4) 
 Γ£ô Generating static pages (4/4)
   Finalizing page optimization ...
   Collecting build traces ...

Route (app)                                 Size  First Load JS
Γöî Γùï /                                     167 kB         325 kB
Γöö Γùï /_not-found                            993 B         103 kB
+ First Load JS shared by all             102 kB
  Γö£ chunks/255-4f212684648fcab9.js         46 kB
  Γö£ chunks/4bd1b696-c023c6e3521b1417.js  54.2 kB
  Γöö other shared chunks (total)          1.99 kB


Γùï  (Static)  prerendered as static content

